nftset=/4pda.ru/4#inet#fw4#vpn_domains
nftset=/4pda.to/4#inet#fw4#vpn_domains
nftset=/adguard-dns.com/4#inet#fw4#vpn_domains
nftset=/adguard.com/4#inet#fw4#vpn_domains
nftset=/adobe.com/4#inet#fw4#vpn_domains
nftset=/adobe.io/4#inet#fw4#vpn_domains
nftset=/alphacoders.com/4#inet#fw4#vpn_domains
nftset=/amazfitwatchfaces.com/4#inet#fw4#vpn_domains
nftset=/amazonaws.com/4#inet#fw4#vpn_domains
nftset=/amd.com/4#inet#fw4#vpn_domains
nftset=/amdm.ru/4#inet#fw4#vpn_domains
nftset=/amnezia.org/4#inet#fw4#vpn_domains
nftset=/appspot.com/4#inet#fw4#vpn_domains
nftset=/appstorrent.ru/4#inet#fw4#vpn_domains
nftset=/atlassian.com/4#inet#fw4#vpn_domains
nftset=/bbc.co.uk/4#inet#fw4#vpn_domains
nftset=/bbc.com/4#inet#fw4#vpn_domains
nftset=/bbci.co.uk/4#inet#fw4#vpn_domains
nftset=/bing.com/4#inet#fw4#vpn_domains
nftset=/bitbucket.org/4#inet#fw4#vpn_domains
nftset=/bitcoin.org/4#inet#fw4#vpn_domains
nftset=/bitru.org/4#inet#fw4#vpn_domains
nftset=/cdninstagram.com/4#inet#fw4#vpn_domains
nftset=/chatgpt.com/4#inet#fw4#vpn_domains
nftset=/cisco.com/4#inet#fw4#vpn_domains
nftset=/daemon-tools.cc/4#inet#fw4#vpn_domains
nftset=/dell.com/4#inet#fw4#vpn_domains
nftset=/dellcdn.com/4#inet#fw4#vpn_domains
nftset=/deviantart.com/4#inet#fw4#vpn_domains
nftset=/digitalocean.com/4#inet#fw4#vpn_domains
nftset=/facebook.com/4#inet#fw4#vpn_domains
nftset=/facebook.net/4#inet#fw4#vpn_domains
nftset=/fb.com/4#inet#fw4#vpn_domains
nftset=/fbcdn.net/4#inet#fw4#vpn_domains
nftset=/fbsbx.com/4#inet#fw4#vpn_domains
nftset=/flibusta.is/4#inet#fw4#vpn_domains
nftset=/fluke.com/4#inet#fw4#vpn_domains
nftset=/flukenetworks.com/4#inet#fw4#vpn_domains
nftset=/genius.com/4#inet#fw4#vpn_domains
nftset=/getoutline.org/4#inet#fw4#vpn_domains
nftset=/gitlab.com/4#inet#fw4#vpn_domains
nftset=/gitlab.io/4#inet#fw4#vpn_domains
nftset=/googleapis.com/4#inet#fw4#vpn_domains
nftset=/googletagmanager.com/4#inet#fw4#vpn_domains
nftset=/googlevideo.com/4#inet#fw4#vpn_domains
nftset=/grafana.com/4#inet#fw4#vpn_domains
nftset=/grammarly.com/4#inet#fw4#vpn_domains
nftset=/iherb.com/4#inet#fw4#vpn_domains
nftset=/ilook.tv/4#inet#fw4#vpn_domains
nftset=/instagram.com/4#inet#fw4#vpn_domains
nftset=/intel.com/4#inet#fw4#vpn_domains
nftset=/intel.de/4#inet#fw4#vpn_domains
nftset=/intellij.net/4#inet#fw4#vpn_domains
nftset=/linkedin.com/4#inet#fw4#vpn_domains
nftset=/linktr.ee/4#inet#fw4#vpn_domains
nftset=/macpaw.com/4#inet#fw4#vpn_domains
nftset=/malwarebytes.com/4#inet#fw4#vpn_domains
nftset=/mattermost.com/4#inet#fw4#vpn_domains
nftset=/mdza.io/4#inet#fw4#vpn_domains
nftset=/medium.com/4#inet#fw4#vpn_domains
nftset=/meduza.io/4#inet#fw4#vpn_domains
nftset=/mongodb.com/4#inet#fw4#vpn_domains
nftset=/mongodb.org/4#inet#fw4#vpn_domains
nftset=/nba.com/4#inet#fw4#vpn_domains
nftset=/nnmclub.to/4#inet#fw4#vpn_domains
nftset=/openai.com/4#inet#fw4#vpn_domains
nftset=/php.su/4#inet#fw4#vpn_domains
nftset=/quora.com/4#inet#fw4#vpn_domains
nftset=/refactoring.guru/4#inet#fw4#vpn_domains
nftset=/rutor.info/4#inet#fw4#vpn_domains
nftset=/rutor.is/4#inet#fw4#vpn_domains
nftset=/rutor.org/4#inet#fw4#vpn_domains
nftset=/rutracker.cc/4#inet#fw4#vpn_domains
nftset=/rutracker.net/4#inet#fw4#vpn_domains
nftset=/rutracker.org/4#inet#fw4#vpn_domains
nftset=/rutracker.ru/4#inet#fw4#vpn_domains
nftset=/skyscanner.com/4#inet#fw4#vpn_domains
nftset=/spotify.com/4#inet#fw4#vpn_domains
nftset=/svoboda.org/4#inet#fw4#vpn_domains
nftset=/signal.org/4#inet#fw4#vpn_domains
nftset=/t.co/4#inet#fw4#vpn_domains
nftset=/thepiratebay.org/4#inet#fw4#vpn_domains
nftset=/torproject.org/4#inet#fw4#vpn_domains
nftset=/veritas.com/4#inet#fw4#vpn_domains
nftset=/whatsapp.com/4#inet#fw4#vpn_domains
nftset=/whatsapp.net/4#inet#fw4#vpn_domains
nftset=/xvideos-cdn.com/4#inet#fw4#vpn_domains
nftset=/xvideos.com/4#inet#fw4#vpn_domains
nftset=/youtu.be/4#inet#fw4#vpn_domains
nftset=/youtube.com/4#inet#fw4#vpn_domains
nftset=/youtubekids.com/4#inet#fw4#vpn_domains
nftset=/ytimg.com/4#inet#fw4#vpn_domains
nftset=/yting.com/4#inet#fw4#vpn_domains